*%(basename)s:7: 42
function* f() { yield }
                ^
